// Jest Snapshot v1, https://goo.gl/fbAQLP

exports[`without observation 1`] = `
<body>
  <div />
</body>
`;
